  Application.cpp
D:\charl\Projects\SpacecraftSimulator\SpacecraftSimulator\rendering\Renderer.hpp(120,69): warning C4244: 'argument': conversion from 'double' to 'float', possible loss of data
  (compiling source file 'Application.cpp')
  
D:\charl\Projects\SpacecraftSimulator\SpacecraftSimulator\rendering\Renderer.hpp(121,100): warning C4244: 'argument': conversion from 'double' to 'T', possible loss of data
D:\charl\Projects\SpacecraftSimulator\SpacecraftSimulator\rendering\Renderer.hpp(121,100): warning C4244:         with
D:\charl\Projects\SpacecraftSimulator\SpacecraftSimulator\rendering\Renderer.hpp(121,100): warning C4244:         [
D:\charl\Projects\SpacecraftSimulator\SpacecraftSimulator\rendering\Renderer.hpp(121,100): warning C4244:             T=float
D:\charl\Projects\SpacecraftSimulator\SpacecraftSimulator\rendering\Renderer.hpp(121,100): warning C4244:         ]
  (compiling source file 'Application.cpp')
  
D:\charl\Projects\SpacecraftSimulator\SpacecraftSimulator\rendering\Renderer.hpp(121,68): warning C4244: 'argument': conversion from 'double' to 'T', possible loss of data
D:\charl\Projects\SpacecraftSimulator\SpacecraftSimulator\rendering\Renderer.hpp(121,68): warning C4244:         with
D:\charl\Projects\SpacecraftSimulator\SpacecraftSimulator\rendering\Renderer.hpp(121,68): warning C4244:         [
D:\charl\Projects\SpacecraftSimulator\SpacecraftSimulator\rendering\Renderer.hpp(121,68): warning C4244:             T=float
D:\charl\Projects\SpacecraftSimulator\SpacecraftSimulator\rendering\Renderer.hpp(121,68): warning C4244:         ]
  (compiling source file 'Application.cpp')
  
D:\charl\Projects\SpacecraftSimulator\SpacecraftSimulator\rendering\Renderer.hpp(122,86): warning C4244: 'argument': conversion from 'double' to 'T', possible loss of data
D:\charl\Projects\SpacecraftSimulator\SpacecraftSimulator\rendering\Renderer.hpp(122,86): warning C4244:         with
D:\charl\Projects\SpacecraftSimulator\SpacecraftSimulator\rendering\Renderer.hpp(122,86): warning C4244:         [
D:\charl\Projects\SpacecraftSimulator\SpacecraftSimulator\rendering\Renderer.hpp(122,86): warning C4244:             T=float
D:\charl\Projects\SpacecraftSimulator\SpacecraftSimulator\rendering\Renderer.hpp(122,86): warning C4244:         ]
  (compiling source file 'Application.cpp')
  
D:\charl\Projects\SpacecraftSimulator\SpacecraftSimulator\rendering\Renderer.hpp(122,59): warning C4244: 'argument': conversion from 'double' to 'T', possible loss of data
D:\charl\Projects\SpacecraftSimulator\SpacecraftSimulator\rendering\Renderer.hpp(122,59): warning C4244:         with
D:\charl\Projects\SpacecraftSimulator\SpacecraftSimulator\rendering\Renderer.hpp(122,59): warning C4244:         [
D:\charl\Projects\SpacecraftSimulator\SpacecraftSimulator\rendering\Renderer.hpp(122,59): warning C4244:             T=float
D:\charl\Projects\SpacecraftSimulator\SpacecraftSimulator\rendering\Renderer.hpp(122,59): warning C4244:         ]
  (compiling source file 'Application.cpp')
  
D:\charl\Projects\SpacecraftSimulator\SpacecraftSimulator\rendering\Renderer.hpp(136,46): warning C4244: 'argument': conversion from 'double' to 'float', possible loss of data
  (compiling source file 'Application.cpp')
  
D:\charl\Projects\SpacecraftSimulator\SpacecraftSimulator\rendering\Renderer.hpp(137,62): warning C4244: 'argument': conversion from 'double' to 'T', possible loss of data
D:\charl\Projects\SpacecraftSimulator\SpacecraftSimulator\rendering\Renderer.hpp(137,62): warning C4244:         with
D:\charl\Projects\SpacecraftSimulator\SpacecraftSimulator\rendering\Renderer.hpp(137,62): warning C4244:         [
D:\charl\Projects\SpacecraftSimulator\SpacecraftSimulator\rendering\Renderer.hpp(137,62): warning C4244:             T=float
D:\charl\Projects\SpacecraftSimulator\SpacecraftSimulator\rendering\Renderer.hpp(137,62): warning C4244:         ]
  (compiling source file 'Application.cpp')
  
D:\charl\Projects\SpacecraftSimulator\SpacecraftSimulator\rendering\Renderer.hpp(137,45): warning C4244: 'argument': conversion from 'double' to 'T', possible loss of data
D:\charl\Projects\SpacecraftSimulator\SpacecraftSimulator\rendering\Renderer.hpp(137,45): warning C4244:         with
D:\charl\Projects\SpacecraftSimulator\SpacecraftSimulator\rendering\Renderer.hpp(137,45): warning C4244:         [
D:\charl\Projects\SpacecraftSimulator\SpacecraftSimulator\rendering\Renderer.hpp(137,45): warning C4244:             T=float
D:\charl\Projects\SpacecraftSimulator\SpacecraftSimulator\rendering\Renderer.hpp(137,45): warning C4244:         ]
  (compiling source file 'Application.cpp')
  
D:\charl\Projects\SpacecraftSimulator\SpacecraftSimulator\rendering\Renderer.hpp(138,48): warning C4244: 'argument': conversion from 'const double' to 'T', possible loss of data
D:\charl\Projects\SpacecraftSimulator\SpacecraftSimulator\rendering\Renderer.hpp(138,48): warning C4244:         with
D:\charl\Projects\SpacecraftSimulator\SpacecraftSimulator\rendering\Renderer.hpp(138,48): warning C4244:         [
D:\charl\Projects\SpacecraftSimulator\SpacecraftSimulator\rendering\Renderer.hpp(138,48): warning C4244:             T=float
D:\charl\Projects\SpacecraftSimulator\SpacecraftSimulator\rendering\Renderer.hpp(138,48): warning C4244:         ]
  (compiling source file 'Application.cpp')
  
D:\charl\Projects\SpacecraftSimulator\SpacecraftSimulator\rendering\Renderer.hpp(138,36): warning C4244: 'argument': conversion from 'const double' to 'T', possible loss of data
D:\charl\Projects\SpacecraftSimulator\SpacecraftSimulator\rendering\Renderer.hpp(138,36): warning C4244:         with
D:\charl\Projects\SpacecraftSimulator\SpacecraftSimulator\rendering\Renderer.hpp(138,36): warning C4244:         [
D:\charl\Projects\SpacecraftSimulator\SpacecraftSimulator\rendering\Renderer.hpp(138,36): warning C4244:             T=float
D:\charl\Projects\SpacecraftSimulator\SpacecraftSimulator\rendering\Renderer.hpp(138,36): warning C4244:         ]
  (compiling source file 'Application.cpp')
  
  main.cpp
D:\charl\Projects\SpacecraftSimulator\SpacecraftSimulator\rendering\Renderer.hpp(120,69): warning C4244: 'argument': conversion from 'double' to 'float', possible loss of data
  (compiling source file 'main.cpp')
  
D:\charl\Projects\SpacecraftSimulator\SpacecraftSimulator\rendering\Renderer.hpp(121,100): warning C4244: 'argument': conversion from 'double' to 'T', possible loss of data
D:\charl\Projects\SpacecraftSimulator\SpacecraftSimulator\rendering\Renderer.hpp(121,100): warning C4244:         with
D:\charl\Projects\SpacecraftSimulator\SpacecraftSimulator\rendering\Renderer.hpp(121,100): warning C4244:         [
D:\charl\Projects\SpacecraftSimulator\SpacecraftSimulator\rendering\Renderer.hpp(121,100): warning C4244:             T=float
D:\charl\Projects\SpacecraftSimulator\SpacecraftSimulator\rendering\Renderer.hpp(121,100): warning C4244:         ]
  (compiling source file 'main.cpp')
  
D:\charl\Projects\SpacecraftSimulator\SpacecraftSimulator\rendering\Renderer.hpp(121,68): warning C4244: 'argument': conversion from 'double' to 'T', possible loss of data
D:\charl\Projects\SpacecraftSimulator\SpacecraftSimulator\rendering\Renderer.hpp(121,68): warning C4244:         with
D:\charl\Projects\SpacecraftSimulator\SpacecraftSimulator\rendering\Renderer.hpp(121,68): warning C4244:         [
D:\charl\Projects\SpacecraftSimulator\SpacecraftSimulator\rendering\Renderer.hpp(121,68): warning C4244:             T=float
D:\charl\Projects\SpacecraftSimulator\SpacecraftSimulator\rendering\Renderer.hpp(121,68): warning C4244:         ]
  (compiling source file 'main.cpp')
  
D:\charl\Projects\SpacecraftSimulator\SpacecraftSimulator\rendering\Renderer.hpp(122,86): warning C4244: 'argument': conversion from 'double' to 'T', possible loss of data
D:\charl\Projects\SpacecraftSimulator\SpacecraftSimulator\rendering\Renderer.hpp(122,86): warning C4244:         with
D:\charl\Projects\SpacecraftSimulator\SpacecraftSimulator\rendering\Renderer.hpp(122,86): warning C4244:         [
D:\charl\Projects\SpacecraftSimulator\SpacecraftSimulator\rendering\Renderer.hpp(122,86): warning C4244:             T=float
D:\charl\Projects\SpacecraftSimulator\SpacecraftSimulator\rendering\Renderer.hpp(122,86): warning C4244:         ]
  (compiling source file 'main.cpp')
  
D:\charl\Projects\SpacecraftSimulator\SpacecraftSimulator\rendering\Renderer.hpp(122,59): warning C4244: 'argument': conversion from 'double' to 'T', possible loss of data
D:\charl\Projects\SpacecraftSimulator\SpacecraftSimulator\rendering\Renderer.hpp(122,59): warning C4244:         with
D:\charl\Projects\SpacecraftSimulator\SpacecraftSimulator\rendering\Renderer.hpp(122,59): warning C4244:         [
D:\charl\Projects\SpacecraftSimulator\SpacecraftSimulator\rendering\Renderer.hpp(122,59): warning C4244:             T=float
D:\charl\Projects\SpacecraftSimulator\SpacecraftSimulator\rendering\Renderer.hpp(122,59): warning C4244:         ]
  (compiling source file 'main.cpp')
  
D:\charl\Projects\SpacecraftSimulator\SpacecraftSimulator\rendering\Renderer.hpp(136,46): warning C4244: 'argument': conversion from 'double' to 'float', possible loss of data
  (compiling source file 'main.cpp')
  
D:\charl\Projects\SpacecraftSimulator\SpacecraftSimulator\rendering\Renderer.hpp(137,62): warning C4244: 'argument': conversion from 'double' to 'T', possible loss of data
D:\charl\Projects\SpacecraftSimulator\SpacecraftSimulator\rendering\Renderer.hpp(137,62): warning C4244:         with
D:\charl\Projects\SpacecraftSimulator\SpacecraftSimulator\rendering\Renderer.hpp(137,62): warning C4244:         [
D:\charl\Projects\SpacecraftSimulator\SpacecraftSimulator\rendering\Renderer.hpp(137,62): warning C4244:             T=float
D:\charl\Projects\SpacecraftSimulator\SpacecraftSimulator\rendering\Renderer.hpp(137,62): warning C4244:         ]
  (compiling source file 'main.cpp')
  
D:\charl\Projects\SpacecraftSimulator\SpacecraftSimulator\rendering\Renderer.hpp(137,45): warning C4244: 'argument': conversion from 'double' to 'T', possible loss of data
D:\charl\Projects\SpacecraftSimulator\SpacecraftSimulator\rendering\Renderer.hpp(137,45): warning C4244:         with
D:\charl\Projects\SpacecraftSimulator\SpacecraftSimulator\rendering\Renderer.hpp(137,45): warning C4244:         [
D:\charl\Projects\SpacecraftSimulator\SpacecraftSimulator\rendering\Renderer.hpp(137,45): warning C4244:             T=float
D:\charl\Projects\SpacecraftSimulator\SpacecraftSimulator\rendering\Renderer.hpp(137,45): warning C4244:         ]
  (compiling source file 'main.cpp')
  
D:\charl\Projects\SpacecraftSimulator\SpacecraftSimulator\rendering\Renderer.hpp(138,48): warning C4244: 'argument': conversion from 'const double' to 'T', possible loss of data
D:\charl\Projects\SpacecraftSimulator\SpacecraftSimulator\rendering\Renderer.hpp(138,48): warning C4244:         with
D:\charl\Projects\SpacecraftSimulator\SpacecraftSimulator\rendering\Renderer.hpp(138,48): warning C4244:         [
D:\charl\Projects\SpacecraftSimulator\SpacecraftSimulator\rendering\Renderer.hpp(138,48): warning C4244:             T=float
D:\charl\Projects\SpacecraftSimulator\SpacecraftSimulator\rendering\Renderer.hpp(138,48): warning C4244:         ]
  (compiling source file 'main.cpp')
  
D:\charl\Projects\SpacecraftSimulator\SpacecraftSimulator\rendering\Renderer.hpp(138,36): warning C4244: 'argument': conversion from 'const double' to 'T', possible loss of data
D:\charl\Projects\SpacecraftSimulator\SpacecraftSimulator\rendering\Renderer.hpp(138,36): warning C4244:         with
D:\charl\Projects\SpacecraftSimulator\SpacecraftSimulator\rendering\Renderer.hpp(138,36): warning C4244:         [
D:\charl\Projects\SpacecraftSimulator\SpacecraftSimulator\rendering\Renderer.hpp(138,36): warning C4244:             T=float
D:\charl\Projects\SpacecraftSimulator\SpacecraftSimulator\rendering\Renderer.hpp(138,36): warning C4244:         ]
  (compiling source file 'main.cpp')
  
  Generating Code...
D:\charl\Projects\SpacecraftSimulator\SpacecraftSimulator\Application.cpp(57,1): warning C4172: returning address of local variable or temporary : input
  SpacecraftSimulator.vcxproj -> D:\charl\Projects\SpacecraftSimulator\x64\Debug\SpacecraftSimulator.exe
